Display cli version

USAGE:
  scw [global-flags] version [flags]

FLAGS:
  -h, --help   help for version

GLOBAL FLAGS:
  -D, --debug            Enable debug mode
  -o, --output string    Output format: json or human
  -p, --profile string   The config profile to use
