Get details of a snapshot with the given ID.

USAGE:
  scw [global-flags] instance snapshot get [flags] [arg=value ...]

ARGS:
  snapshot-id   
  [zone]        Zone to target. If none is passed will use default zone from the config (fr-par-1 | nl-ams-1)

FLAGS:
  -h, --help   help for get

GLOBAL FLAGS:
  -D, --debug            Enable debug mode
  -o, --output string    Output format: json or human
  -p, --profile string   The config profile to use
