Reserve an IP.

USAGE:
  scw [global-flags] instance ip create [flags] [arg=value ...]

ARGS:
  [server]         UUID of the server you want to attach the IP to
  [organization]   Organization ID to use. If none is passed will use default organization ID from the config
  [zone]           Zone to target. If none is passed will use default zone from the config (fr-par-1 | nl-ams-1)

FLAGS:
  -h, --help   help for create

GLOBAL FLAGS:
  -D, --debug            Enable debug mode
  -o, --output string    Output format: json or human
  -p, --profile string   The config profile to use
