Get details of an IP with the given ID or address.

USAGE:
  scw [global-flags] instance ip get [flags] [arg=value ...]

ARGS:
  ip       The IP ID or address to get
  [zone]   Zone to target. If none is passed will use default zone from the config (fr-par-1 | nl-ams-1)

FLAGS:
  -h, --help   help for get

GLOBAL FLAGS:
  -D, --debug            Enable debug mode
  -o, --output string    Output format: json or human
  -p, --profile string   The config profile to use
