Delete the given placement group.

USAGE:
  scw [global-flags] instance placement-group delete [flags] [arg=value ...]

ARGS:
  placement-group-id   
  [zone]               Zone to target. If none is passed will use default zone from the config (fr-par-1 | nl-ams-1)

FLAGS:
  -h, --help   help for delete

GLOBAL FLAGS:
  -D, --debug            Enable debug mode
  -o, --output string    Output format: json or human
  -p, --profile string   The config profile to use
