A placement group allows to express a preference regarding the physical position of a group of instances.

USAGE:
  scw [global-flags] instance placement-group-server <command> [flags]

AVAILABLE COMMANDS:
  set         Set placement group servers

FLAGS:
  -h, --help   help for placement-group-server

GLOBAL FLAGS:
  -D, --debug            Enable debug mode
  -o, --output string    Output format: json or human
  -p, --profile string   The config profile to use

Use "scw instance placement-group-server [command] --help" for more information about a command.
