Dump the config file

USAGE:
  scw [global-flags] config dump [flags]

FLAGS:
  -h, --help   help for dump

GLOBAL FLAGS:
  -D, --debug            Enable debug mode
  -o, --output string    Output format: json or human
  -p, --profile string   The config profile to use

SEE ALSO:
  # Config management help
  scw config --help
