List snapshots.

USAGE:
  scw [global-flags] instance snapshot list [flags] [arg=value ...]

ARGS:
  [name]           
  [organization]   
  [zone]           Zone to target. If none is passed will use default zone from the config (fr-par-1 | nl-ams-1)

FLAGS:
  -h, --help   help for list

GLOBAL FLAGS:
  -D, --debug            Enable debug mode
  -o, --output string    Output format: json or human
  -p, --profile string   The config profile to use
