Autocomplete for Fish.

USAGE:
  scw [global-flags] autocomplete complete fish [flags]

FLAGS:
  -h, --help   help for fish

GLOBAL FLAGS:
  -D, --debug            Enable debug mode
  -o, --output string    Output format: json or human
  -p, --profile string   The config profile to use
