Reset the config

USAGE:
  scw [global-flags] config reset [flags]

FLAGS:
  -h, --help   help for reset

GLOBAL FLAGS:
  -D, --debug            Enable debug mode
  -o, --output string    Output format: json or human
  -p, --profile string   The config profile to use
