Set all servers belonging to the given placement group.

USAGE:
  scw [global-flags] instance placement-group-server set [flags] [arg=value ...]

EXAMPLES:
  Update the complete set of instances in a given placement group. (All instances must be down)
    scw instance placement-group-server set placement-group-id=ced0fd4d-bcf0-4479-85b6-7027e54456e6 servers.0=5a250608-24ec-4c31-9631-b3ded8c861cb servers.1=e54fd249-0787-4794-ab14-af6ee74df274

ARGS:
  placement-group-id   
  [servers.{index}]    
  [zone]               Zone to target. If none is passed will use default zone from the config (fr-par-1 | nl-ams-1)

FLAGS:
  -h, --help   help for set

GLOBAL FLAGS:
  -D, --debug            Enable debug mode
  -o, --output string    Output format: json or human
  -p, --profile string   The config profile to use
