Autocomplete for Zsh.

USAGE:
  scw [global-flags] autocomplete complete zsh [flags]

FLAGS:
  -h, --help   help for zsh

GLOBAL FLAGS:
  -D, --debug            Enable debug mode
  -o, --output string    Output format: json or human
  -p, --profile string   The config profile to use
