Config management engine is common across all Scaleway developer tools (CLI, terraform, SDK, ... ). It allows to handle Scaleway config through two ways: environment variables and/or config file.

Scaleway config file is self-documented. We recommend you to have a look at it at least once before using Scaleway developer tools: /Users/lbourgois/.config/scw/config.yaml

In this CLI, environment variables have priority over the configuration file.

The following environment variables are supported:
SCW_ACCESS_KEY               The access key of a token (create a token at https://console.scaleway.com/account/credentials)
SCW_SECRET_KEY               The secret key of a token (create a token at https://console.scaleway.com/account/credentials)
SCW_DEFAULT_ORGANIZATION_ID  The default organization ID (get your organization ID at https://console.scaleway.com/account/credentials)
SCW_DEFAULT_REGION           The default region
SCW_DEFAULT_ZONE             The default availability zone
SCW_API_URL                  URL of the API
SCW_INSECURE                 Set this to true to enable the insecure mode
SCW_PROFILE                  Set the config profile to use

Read more about the config management engine at https://github.com/scaleway/scaleway-sdk-go/tree/master/scw#scaleway-config

USAGE:
  scw [global-flags] config <command> [flags]

AVAILABLE COMMANDS:
  get         Get a line from the config file
  set         Set a line from the config file
  unset       Unset a line from the config file
  dump        Dump the config file
  delete      Allows the deletion of a profile from the config file
  reset       Reset the config

FLAGS:
  -h, --help   help for config

GLOBAL FLAGS:
  -D, --debug            Enable debug mode
  -o, --output string    Output format: json or human
  -p, --profile string   The config profile to use

SEE ALSO:
  # Init your Scaleway config
  scw config init

  # Set a config attribute
  scw config set --help

  # Set a config attribute
  scw config get --help

  # Dump the config
  scw config dump

  # Display the actual config file
  cat /Users/lbourgois/.config/scw/config.yaml

Use "scw config [command] --help" for more information about a command.
