Update IP.

USAGE:
  scw [global-flags] instance ip update [flags] [arg=value ...]

ARGS:
  ip          IP ID or IP address
  [reverse]   Reverse domain name
  [zone]      Zone to target. If none is passed will use default zone from the config (fr-par-1 | nl-ams-1)

FLAGS:
  -h, --help   help for update

GLOBAL FLAGS:
  -D, --debug            Enable debug mode
  -o, --output string    Output format: json or human
  -p, --profile string   The config profile to use
