Server:
id                        0b40066c-04cf-4b3a-bb2f-60783da5b4d6
name                      cli-srv-friendly-golick
organization              aba2d0d0-b01d-4d88-b322-935edc96d0fd
allowed-actions.0         poweron
allowed-actions.1         backup
commercial-type           DEV1-S
creation-date             few seconds ago
dynamic-ip-required       false
enable-ipv6               false
hostname                  cli-srv-friendly-golick
image.id                  f974feac-abae-4365-b988-8ec7d1cec10d
image.name                Ubuntu Bionic Beaver
image.arch                x86_64
image.creation-date       few seconds ago
image.modification-date   few seconds ago
image.default-bootscript  x86_64 mainline 4.9.93 rev1
image.extra-volumes       0
image.from-server         
image.organization        51b656e3-4865-41e8-adbc-0c45bdd780db
image.public              true
image.root-volume         dd5f5c10-23b1-4c9c-8445-eb6740957c84
image.state               available
protected                 false
public-ip.id              f7977681-911a-4f3d-bb19-8a8c9c8c59d3
public-ip.address         51.15.242.39
public-ip.dynamic         false
modification-date         few seconds ago
state                     archived
bootscript                x86_64 mainline 4.9.93 rev1
boot-type                 local
volumes                   1
security-group.id         49822f6c-1d32-465c-a017-720691d159b2
security-group.name       Default security group
state-detail              
arch                      x86_64

Server Image:
id                  f974feac-abae-4365-b988-8ec7d1cec10d
name                Ubuntu Bionic Beaver
arch                x86_64
creation-date       few seconds ago
modification-date   few seconds ago
default-bootscript  x86_64 mainline 4.9.93 rev1
extra-volumes       0
from-server         
organization        51b656e3-4865-41e8-adbc-0c45bdd780db
public              true
root-volume         dd5f5c10-23b1-4c9c-8445-eb6740957c84
state               available

Server - Allowed Actions:
[poweron backup]

Volumes:
ID                                    NAME                                                            EXPORT URI  SIZE   VOLUME TYPE  CREATION DATE    MODIFICATION DATE  ORGANIZATION                          STATE
2409c5ec-1415-40dd-80e9-a4aa5daba709  snapshot-de728daa-0bf6-4c64-abf5-a9477e791c83-2019-03-05_10:13              20 GB  l_ssd        few seconds ago  few seconds ago    aba2d0d0-b01d-4d88-b322-935edc96d0fd  available
