ID                                    NAME                    STATE     ZONE      PUBLIC IP        PRIVATE IP     IMAGE NAME            TAGS         MODIFICATION DATE  CREATION DATE    IMAGE ID  PROTECTED  VOLUMES  SECURITY GROUP ID  SECURITY GROUP NAME     STATE DETAIL    ARCH
598b51b5-55ee-400b-bb0d-569ec1193d98  scw-confident-roentgen  running   fr-par-1  163.172.146.186  10.64.188.135  Ubuntu Bionic Beaver  []           few seconds ago    few seconds ago            false      1                           Default security group  booting kernel  x86_64
e54fd249-0787-4794-ab14-af6ee74df274  scw-relaxed-moser       archived            163.172.168.222                 Ubuntu Bionic Beaver  [abcd efgh]  few seconds ago    few seconds ago            false      1                           Default security group                  x86_64
5a250608-24ec-4c31-9631-b3ded8c861cb  scw-modest-mcnulty      archived            51.158.72.139                   Ubuntu Bionic Beaver  []           few seconds ago    few seconds ago            false      1                           Default security group                  x86_64
