You cannot use an existing volume as a root volume

Details:
You must create an imageID of this volume and use its ID in the 'imageID' argument.
