id                        94de5a1b-173e-4add-8229-b228ce85979b
name                      cli-srv-condescending-buck
organization              aba2d0d0-b01d-4d88-b322-935edc96d0fd
allowed-actions.0         poweron
allowed-actions.1         backup
commercial-type           DEV1-S
creation-date             few seconds ago
dynamic-ip-required       false
enable-ipv6               false
hostname                  cli-srv-condescending-buck
image.id                  f974feac-abae-4365-b988-8ec7d1cec10d
image.name                Ubuntu Bionic Beaver
image.arch                x86_64
image.creation-date       few seconds ago
image.modification-date   few seconds ago
image.default-bootscript  x86_64 mainline 4.9.93 rev1
image.extra-volumes       0
image.from-server         
image.organization        51b656e3-4865-41e8-adbc-0c45bdd780db
image.public              true
image.root-volume         dd5f5c10-23b1-4c9c-8445-eb6740957c84
image.state               available
protected                 false
public-ip.id              75588e7a-1e08-4e82-960b-c2be7ca13b39
public-ip.address         163.172.140.16
public-ip.dynamic         false
modification-date         few seconds ago
state                     archived
bootscript                x86_64 mainline 4.9.93 rev1
boot-type                 local
volumes                   1
security-group.id         49822f6c-1d32-465c-a017-720691d159b2
security-group.name       Default security group
state-detail              
arch                      x86_64
