Invalid arguments 'placement_group'

Details:
- 'placement_group' does not respect constraint

Hint:
Not a valid value
