Unknown argument 'ubuntu-bionic'

Hint:
Valid arguments are: name-id
