Unknown argument 'name_id'

Hint:
Valid arguments are: name-id
